// Jest Snapshot v1, https://goo.gl/fbAQLP

exports[`ui to be rendered correctly 1`] = `
<div
  class="MuiContainer-root MuiContainer-maxWidthLg css-1oqqzyl-MuiContainer-root"
  data-testid="home-screen"
>
  <div
    class="css-1jv2z0n-MuiStack-root"
  >
    <h5
      class="MuiTypography-root MuiTypography-h5 MuiTypography-gutterBottom css-h93ljk-MuiTypography-root"
    >
      Hack Ideas 
      <br />
      <span
        class="MuiTypography-root MuiTypography-caption MuiTypography-gutterBottom css-1hleqvg-MuiTypography-root"
      >
        Below are the challenges that are currently available.
      </span>
    </h5>
    <div
      class="css-vxcp3-MuiStack-root"
    >
      <button
        class="MuiButton-root MuiButton-outlined MuiButton-outlinedPrimary MuiButton-sizeMedium MuiButton-outlinedSizeMedium MuiButtonBase-root  css-1rwt2y5-MuiButtonBase-root-MuiButton-root"
        name="Votes"
        tabindex="0"
        type="button"
      >
        Vote
        <span
          class="MuiTouchRipple-root css-8je8zh-MuiTouchRipple-root"
        />
      </button>
      <button
        class="MuiButton-root MuiButton-outlined MuiButton-outlinedPrimary MuiButton-sizeMedium MuiButton-outlinedSizeMedium MuiButtonBase-root  css-1rwt2y5-MuiButtonBase-root-MuiButton-root"
        name="CreationDate"
        tabindex="0"
        type="button"
      >
        Latest
        <span
          class="MuiButton-endIcon MuiButton-iconSizeMedium css-9tj150-MuiButton-endIcon"
        >
          <svg
            aria-hidden="true"
            class="MuiSvgIcon-root MuiSvgIcon-fontSizeMedium css-i4bv87-MuiSvgIcon-root"
            data-testid="ArrowCircleUpTwoToneIcon"
            focusable="false"
            viewBox="0 0 24 24"
          >
            <path
              d="M12 20c-4.41 0-8-3.59-8-8s3.59-8 8-8 8 3.59 8 8-3.59 8-8 8m-1-8v4h2v-4h3l-4-4-4 4h3z"
              opacity=".3"
            />
            <path
              d="M12 20c-4.41 0-8-3.59-8-8s3.59-8 8-8 8 3.59 8 8-3.59 8-8 8m0 2c5.52 0 10-4.48 10-10S17.52 2 12 2 2 6.48 2 12s4.48 10 10 10zm-1-10v4h2v-4h3l-4-4-4 4h3z"
            />
          </svg>
        </span>
        <span
          class="MuiTouchRipple-root css-8je8zh-MuiTouchRipple-root"
        />
      </button>
      <button
        class="MuiButton-root MuiButton-outlined MuiButton-outlinedPrimary MuiButton-sizeMedium MuiButton-outlinedSizeMedium MuiButtonBase-root  css-1rwt2y5-MuiButtonBase-root-MuiButton-root"
        tabindex="0"
        type="button"
      >
        <span
          class="MuiButton-startIcon MuiButton-iconSizeMedium css-1d6wzja-MuiButton-startIcon"
        >
          <svg
            aria-hidden="true"
            class="MuiSvgIcon-root MuiSvgIcon-fontSizeMedium css-i4bv87-MuiSvgIcon-root"
            data-testid="AddIcon"
            focusable="false"
            viewBox="0 0 24 24"
          >
            <path
              d="M19 13h-6v6h-2v-6H5v-2h6V5h2v6h6v2z"
            />
          </svg>
        </span>
        Add New
        <span
          class="MuiTouchRipple-root css-8je8zh-MuiTouchRipple-root"
        />
      </button>
    </div>
  </div>
  
  <div
    class="MuiBox-root css-olfcrv"
  >
    <span
      class="MuiLinearProgress-root MuiLinearProgress-colorPrimary MuiLinearProgress-indeterminate css-eglki6-MuiLinearProgress-root"
      role="progressbar"
    >
      <span
        class="MuiLinearProgress-bar MuiLinearProgress-barColorPrimary MuiLinearProgress-bar1Indeterminate css-5ir5xx-MuiLinearProgress-bar1"
      />
      <span
        class="MuiLinearProgress-bar MuiLinearProgress-barColorPrimary MuiLinearProgress-bar2Indeterminate css-1r8wrcl-MuiLinearProgress-bar2"
      />
    </span>
  </div>
  <div
    class="MuiGrid-root MuiGrid-container MuiGrid-spacing-xs-3 css-zow5z4-MuiGrid-root"
  />
</div>
`;
